{
    "metaspace_converter - stub": {
        "content": [
            {
                "0": [
                    "AnnData_2022-08-05_17h28m56s.h5ad:md5,d41d8cd98f00b204e9800998ecf8427e"
                ],
                "1": [
                    "SpatialData_2022-08-05_17h28m56s.zarr:md5,d41d8cd98f00b204e9800998ecf8427e"
                ],
                "2": [
                    "versions.yml:md5,d5aa6645e814f32120fd2f6bf6b4414c"
                ],
                "AnnData_object": [
                    "AnnData_2022-08-05_17h28m56s.h5ad:md5,d41d8cd98f00b204e9800998ecf8427e"
                ],
                "SpatialData_object": [
                    "SpatialData_2022-08-05_17h28m56s.zarr:md5,d41d8cd98f00b204e9800998ecf8427e"
                ],
                "versions": [
                    "versions.yml:md5,d5aa6645e814f32120fd2f6bf6b4414c"
                ]
            }
        ],
        "meta": {
            "nf-test": "0.9.2",
            "nextflow": "24.10.5"
        },
        "timestamp": "2025-03-25T01:40:06.779340874"
    }
}