{
    "decouplerPKN_test - stub": {
        "content": [
            {
                "0": [
                    [
                        {
                            "id": "test"
                        },
                        "test_decoupler_network.csv:md5,9ca4fa1621927908276b964a966efc23"
                    ]
                ],
                "1": [
                    "versions.yml:md5,3b582d61b8b2f5c7747be1bf1a7ef902"
                ],
                "network": [
                    [
                        {
                            "id": "test"
                        },
                        "test_decoupler_network.csv:md5,9ca4fa1621927908276b964a966efc23"
                    ]
                ],
                "versions": [
                    "versions.yml:md5,3b582d61b8b2f5c7747be1bf1a7ef902"
                ]
            }
        ],
        "meta": {
            "nf-test": "0.8.4",
            "nextflow": "23.10.1"
        },
        "timestamp": "2024-05-08T16:08:01.794760683"
    },
    "decouplerPKN_test": {
        "content": [
            {
                "0": [
                    [
                        {
                            "id": "test"
                        },
                        "test_decoupler_network.csv:md5,9ca4fa1621927908276b964a966efc23"
                    ]
                ],
                "1": [
                    "versions.yml:md5,3b582d61b8b2f5c7747be1bf1a7ef902"
                ],
                "network": [
                    [
                        {
                            "id": "test"
                        },
                        "test_decoupler_network.csv:md5,9ca4fa1621927908276b964a966efc23"
                    ]
                ],
                "versions": [
                    "versions.yml:md5,3b582d61b8b2f5c7747be1bf1a7ef902"
                ]
            }
        ],
        "meta": {
            "nf-test": "0.8.4",
            "nextflow": "23.10.1"
        },
        "timestamp": "2024-05-08T16:05:15.156866696"
    }
}